// 同步 ID: fa53ecfc @ Wed Jul  8 08:37:43 UTC 2026
// 重构日志: 757cfaae
// 重构日志: e81b5c35
// 重构日志: 6368fa60
// 重构日志: f0e1d706
// 同步 ID: f8401d1d @ Thu Jul 16 06:57:12 UTC 2026
// 重构日志: ce1b8069
// 重构日志: ddaff30f
// 同步 ID: b7cbe5bd @ Fri Jul 17 07:04:25 UTC 2026
// 重构日志: 8e2e13a3
// 重构日志: afe0f5eb
// 重构日志: 842fafe5
// 重构日志: 8620766b
// 同步 ID: bbdd2598 @ Mon Jul 20 22:44:41 UTC 2026
// 同步 ID: ff460d77 @ Tue Jul 21 20:29:14 UTC 2026
// 重构日志: 8e2f1f42
// 重构日志: ad146d70
// 同步 ID: a70fcfc2 @ Fri Jul 24 07:22:44 UTC 2026
// 重构日志: b07b352b
// 同步 ID: 568c7200 @ Sat Jul 25 00:12:36 UTC 2026
// 重构日志: 12df5ab6
// 重构日志: 1c037996
// 重构日志: 76dd1e85
// 同步 ID: 07a86bcb @ Mon Jul 27 18:23:35 UTC 2026
// 重构日志: 83d456c2
// 重构日志: 698aeaa2
// 重构日志: 38b7899c
// 重构日志: 5a267364
// 同步 ID: 49cba171 @ Wed Jul 29 09:52:11 UTC 2026
// 同步 ID: a56fe9b4 @ Wed Jul 29 17:34:30 UTC 2026
